// Jest Snapshot v1, https://goo.gl/fbAQLP

exports[`LoginScreen renders correctly 1`] = `
<View
  style={
    Array [
      Object {
        "backgroundColor": "#fff",
      },
      Object {
        "alignItems": "center",
        "flex": 1,
        "justifyContent": "center",
      },
    ]
  }
>
  <Text
    style={
      Array [
        Object {
          "color": "#233385",
        },
        Object {
          "fontFamily": "Muli",
        },
        Object {
          "fontFamily": "Rubik",
          "fontSize": 20,
          "fontWeight": "bold",
        },
      ]
    }
  >
    Login or register with a Google account
  </Text>
  <View
    style={
      Array [
        Object {
          "backgroundColor": "#eee",
        },
        Object {
          "height": 1,
          "marginVertical": 30,
          "width": "80%",
        },
      ]
    }
  />
  <View
    accessibilityLabel="Login button"
    accessible={true}
    focusable={true}
    onClick={[Function]}
    onResponderGrant={[Function]}
    onResponderMove={[Function]}
    onResponderRelease={[Function]}
    onResponderTerminate={[Function]}
    onResponderTerminationRequest={[Function]}
    onStartShouldSetResponder={[Function]}
    style={
      Object {
        "alignItems": "center",
        "backgroundColor": "#ff2e33",
        "borderRadius": 500,
        "height": 30,
        "justifyContent": "center",
        "opacity": 1,
        "padding": 10,
        "width": 85,
      }
    }
  >
    <Text
      style={
        Array [
          Object {
            "color": "#233385",
          },
          Object {
            "fontFamily": "Muli",
          },
          Array [
            Object {
              "fontFamily": "Rubik",
              "fontSize": 12,
              "fontWeight": "700",
              "textTransform": "uppercase",
            },
            Object {
              "color": "#fff",
            },
          ],
        ]
      }
    >
      LOGIN
    </Text>
  </View>
  <View
    style={
      Array [
        Object {
          "backgroundColor": "#fff",
        },
        Object {
          "height": 10,
        },
      ]
    }
  />
  <View
    accessible={true}
    focusable={true}
    onClick={[Function]}
    onResponderGrant={[Function]}
    onResponderMove={[Function]}
    onResponderRelease={[Function]}
    onResponderTerminate={[Function]}
    onResponderTerminationRequest={[Function]}
    onStartShouldSetResponder={[Function]}
    style={
      Object {
        "alignItems": "center",
        "backgroundColor": "#ff2e33",
        "borderRadius": 500,
        "height": 30,
        "justifyContent": "center",
        "opacity": 1,
        "padding": 10,
        "width": 85,
      }
    }
  >
    <Text
      style={
        Array [
          Object {
            "color": "#233385",
          },
          Object {
            "fontFamily": "Muli",
          },
          Array [
            Object {
              "fontFamily": "Rubik",
              "fontSize": 12,
              "fontWeight": "700",
              "textTransform": "uppercase",
            },
            Object {
              "color": "#fff",
            },
          ],
        ]
      }
    >
      REGISTER
    </Text>
  </View>
  <View
    style={
      Array [
        Object {
          "backgroundColor": "#fff",
        },
        Object {
          "height": 10,
        },
      ]
    }
  />
  <View
    style={
      Array [
        Object {
          "backgroundColor": "#fff",
        },
        undefined,
      ]
    }
  />
  <Modal
    hardwareAccelerated={false}
    onRequestClose={[Function]}
    testID="modalTest"
    visible={false}
  >
    <View
      style={
        Array [
          Object {
            "backgroundColor": "#fff",
          },
          Object {
            "alignItems": "center",
            "flex": 1,
            "justifyContent": "center",
          },
        ]
      }
    >
      <Text
        style={
          Array [
            Object {
              "color": "#233385",
            },
            Object {
              "fontFamily": "Muli",
            },
            Object {
              "fontFamily": "Rubik",
              "fontSize": 20,
              "fontWeight": "bold",
            },
          ]
        }
      >
         
      </Text>
      <View
        style={
          Array [
            Object {
              "backgroundColor": "#fff",
            },
            Object {
              "height": 10,
            },
          ]
        }
      />
      <View
        style={
          Array [
            Object {
              "backgroundColor": "#fff",
            },
            undefined,
          ]
        }
      />
      <Text
        style={
          Array [
            Object {
              "color": "#233385",
            },
            Object {
              "fontFamily": "Muli",
            },
            undefined,
          ]
        }
      >
         
      </Text>
      <TextInput
        allowFontScaling={true}
        autoCapitalize="none"
        defaultValue=""
        onChangeText={[Function]}
        placeholder="Email"
        placeholderTextColor="#8cb1b7"
        rejectResponderTermination={true}
        style={
          Array [
            Object {
              "color": "#8cb1b7",
            },
            Object {
              "fontFamily": "Muli",
            },
            Array [
              Object {
                "borderBottomWidth": 1,
                "width": 200,
              },
              Object {
                "color": "#233385",
              },
            ],
          ]
        }
        testID="Email"
        underlineColorAndroid="transparent"
      />
      <View
        style={
          Array [
            Object {
              "backgroundColor": "#fff",
            },
            Object {
              "height": 10,
            },
          ]
        }
      />
      <Text
        style={
          Array [
            Object {
              "color": "#233385",
            },
            Object {
              "fontFamily": "Muli",
            },
            undefined,
          ]
        }
      >
         
      </Text>
      <TextInput
        allowFontScaling={true}
        autoCapitalize="none"
        defaultValue=""
        onChangeText={[Function]}
        placeholder="VAT ID"
        placeholderTextColor="#8cb1b7"
        rejectResponderTermination={true}
        style={
          Array [
            Object {
              "color": "#8cb1b7",
            },
            Object {
              "fontFamily": "Muli",
            },
            undefined,
          ]
        }
        testID="VAT"
        underlineColorAndroid="transparent"
      />
      <View
        style={
          Array [
            Object {
              "backgroundColor": "#fff",
            },
            Object {
              "height": 10,
            },
          ]
        }
      />
      <View
        accessible={true}
        focusable={true}
        onClick={[Function]}
        onResponderGrant={[Function]}
        onResponderMove={[Function]}
        onResponderRelease={[Function]}
        onResponderTerminate={[Function]}
        onResponderTerminationRequest={[Function]}
        onStartShouldSetResponder={[Function]}
        style={
          Object {
            "alignItems": "center",
            "backgroundColor": "#ff2e33",
            "borderRadius": 500,
            "height": 30,
            "justifyContent": "center",
            "opacity": 1,
            "padding": 10,
            "width": 85,
          }
        }
      >
        <Text
          style={
            Array [
              Object {
                "color": "#233385",
              },
              Object {
                "fontFamily": "Muli",
              },
              Array [
                Object {
                  "fontFamily": "Rubik",
                  "fontSize": 12,
                  "fontWeight": "700",
                  "textTransform": "uppercase",
                },
                Object {
                  "color": "#fff",
                },
              ],
            ]
          }
        >
          SUBMIT
        </Text>
      </View>
      <View
        style={
          Array [
            Object {
              "backgroundColor": "#fff",
            },
            Object {
              "height": 10,
            },
          ]
        }
      />
      <View
        accessible={true}
        focusable={true}
        onClick={[Function]}
        onResponderGrant={[Function]}
        onResponderMove={[Function]}
        onResponderRelease={[Function]}
        onResponderTerminate={[Function]}
        onResponderTerminationRequest={[Function]}
        onStartShouldSetResponder={[Function]}
        style={
          Object {
            "alignItems": "center",
            "backgroundColor": "#ff2e33",
            "borderRadius": 500,
            "height": 30,
            "justifyContent": "center",
            "opacity": 1,
            "padding": 10,
            "width": 85,
          }
        }
      >
        <Text
          style={
            Array [
              Object {
                "color": "#233385",
              },
              Object {
                "fontFamily": "Muli",
              },
              Array [
                Object {
                  "fontFamily": "Rubik",
                  "fontSize": 12,
                  "fontWeight": "700",
                  "textTransform": "uppercase",
                },
                Object {
                  "color": "#fff",
                },
              ],
            ]
          }
        >
          CLOSE
        </Text>
      </View>
    </View>
  </Modal>
</View>
`;
