// Jest Snapshot v1, https://goo.gl/fbAQLP

exports[`LoginScreen renders correctly 1`] = `
<View
  style={
    Array [
      Object {
        "backgroundColor": "#fff",
      },
      Object {
        "alignItems": "center",
        "flex": 1,
        "justifyContent": "center",
      },
    ]
  }
>
  <Text
    style={
      Array [
        Object {
          "color": "#233385",
        },
        Object {
          "fontFamily": "Muli",
        },
        Array [
          Object {
            "fontFamily": "Rubik-Bold",
            "fontSize": 26,
          },
          Object {
            "textAlign": "center",
          },
        ],
      ]
    }
  >
    Log in or register with a Google account
  </Text>
  <View
    style={
      Array [
        Object {
          "backgroundColor": "#eee",
        },
        Object {
          "height": 1,
          "marginVertical": 30,
          "width": "80%",
        },
      ]
    }
  />
  <View>
    <View
      accessibilityLabel="Login button"
      accessible={true}
      focusable={true}
      onClick={[Function]}
      onResponderGrant={[Function]}
      onResponderMove={[Function]}
      onResponderRelease={[Function]}
      onResponderTerminate={[Function]}
      onResponderTerminationRequest={[Function]}
      onStartShouldSetResponder={[Function]}
      style={
        Object {
          "alignItems": "center",
          "backgroundColor": "#ff2e33",
          "borderRadius": 100,
          "justifyContent": "center",
          "minWidth": 85,
          "opacity": 1,
        }
      }
      testID="Log in"
    >
      <Text
        style={
          Array [
            Object {
              "color": "#233385",
            },
            Object {
              "fontFamily": "Muli",
            },
            Array [
              Object {
                "fontFamily": "Rubik-Bold",
                "fontSize": 14,
                "padding": 10,
                "textTransform": "uppercase",
              },
              Object {
                "color": "#fff",
                "textDecorationLine": "none",
              },
              undefined,
            ],
          ]
        }
      >
        Log in
      </Text>
    </View>
  </View>
  <View
    style={
      Array [
        Object {
          "backgroundColor": "#fff",
        },
        Object {
          "height": 10,
        },
      ]
    }
  />
  <View>
    <View
      accessibilityLabel="Registration button"
      accessible={true}
      focusable={true}
      onClick={[Function]}
      onResponderGrant={[Function]}
      onResponderMove={[Function]}
      onResponderRelease={[Function]}
      onResponderTerminate={[Function]}
      onResponderTerminationRequest={[Function]}
      onStartShouldSetResponder={[Function]}
      style={
        Object {
          "alignItems": "center",
          "backgroundColor": "#ff2e33",
          "borderRadius": 100,
          "justifyContent": "center",
          "minWidth": 85,
          "opacity": 1,
        }
      }
      testID="register"
    >
      <Text
        style={
          Array [
            Object {
              "color": "#233385",
            },
            Object {
              "fontFamily": "Muli",
            },
            Array [
              Object {
                "fontFamily": "Rubik-Bold",
                "fontSize": 14,
                "padding": 10,
                "textTransform": "uppercase",
              },
              Object {
                "color": "#fff",
                "textDecorationLine": "none",
              },
              undefined,
            ],
          ]
        }
      >
        Register
      </Text>
    </View>
  </View>
  <View
    style={
      Array [
        Object {
          "backgroundColor": "#fff",
        },
        Object {
          "height": 10,
        },
      ]
    }
  />
  <View
    style={
      Array [
        Object {
          "backgroundColor": "#fff",
        },
        undefined,
      ]
    }
  />
  <Modal
    hardwareAccelerated={false}
    onRequestClose={[Function]}
    testID="modalTest"
    visible={false}
  >
    <View
      style={
        Array [
          Object {
            "backgroundColor": "#fff",
          },
          Object {
            "alignItems": "center",
            "flex": 1,
            "justifyContent": "center",
          },
        ]
      }
    >
      <Text
        style={
          Array [
            Object {
              "color": "#233385",
            },
            Object {
              "fontFamily": "Muli",
            },
            Object {
              "fontFamily": "Rubik-Bold",
              "fontSize": 26,
            },
          ]
        }
      >
        Please enter your details
      </Text>
      <View
        style={
          Array [
            Object {
              "backgroundColor": "#fff",
            },
            Object {
              "height": 10,
            },
          ]
        }
      />
      <View
        style={
          Array [
            Object {
              "backgroundColor": "#fff",
            },
            undefined,
          ]
        }
      />
      <Text
        style={
          Array [
            Object {
              "color": "#233385",
            },
            Object {
              "fontFamily": "Muli",
            },
            undefined,
          ]
        }
      >
        Email:
      </Text>
      <TextInput
        allowFontScaling={true}
        autoCapitalize="none"
        defaultValue=""
        onChangeText={[Function]}
        placeholder="Email:"
        placeholderTextColor="#8cb1b7"
        rejectResponderTermination={true}
        style={
          Array [
            Object {
              "color": "#8cb1b7",
            },
            Object {
              "fontFamily": "Muli",
            },
            Array [
              Object {
                "borderBottomWidth": 1,
                "fontFamily": "Muli",
                "padding": 3,
                "width": 200,
              },
              Object {
                "color": "#233385",
              },
              Object {
                "borderColor": "#8cb1b7",
              },
            ],
          ]
        }
        testID="Email"
        underlineColorAndroid="transparent"
      />
      <View
        style={
          Array [
            Object {
              "backgroundColor": "#fff",
            },
            Object {
              "height": 10,
            },
          ]
        }
      />
      <Text
        style={
          Array [
            Object {
              "color": "#233385",
            },
            Object {
              "fontFamily": "Muli",
            },
            undefined,
          ]
        }
      >
        Vat ID:
      </Text>
      <TextInput
        allowFontScaling={true}
        autoCapitalize="none"
        defaultValue=""
        onChangeText={[Function]}
        placeholder="Vat ID:"
        placeholderTextColor="#8cb1b7"
        rejectResponderTermination={true}
        style={
          Array [
            Object {
              "color": "#8cb1b7",
            },
            Object {
              "fontFamily": "Muli",
            },
            Array [
              Object {
                "borderBottomWidth": 1,
                "fontFamily": "Muli",
                "padding": 3,
                "width": 200,
              },
              Object {
                "color": "#233385",
              },
              Object {
                "borderColor": "#8cb1b7",
              },
            ],
          ]
        }
        testID="VAT"
        underlineColorAndroid="transparent"
      />
      <View
        style={
          Array [
            Object {
              "backgroundColor": "#fff",
            },
            Object {
              "height": 10,
            },
          ]
        }
      />
      <View>
        <View
          accessibilityLabel="Submit registration"
          accessible={true}
          focusable={true}
          onClick={[Function]}
          onResponderGrant={[Function]}
          onResponderMove={[Function]}
          onResponderRelease={[Function]}
          onResponderTerminate={[Function]}
          onResponderTerminationRequest={[Function]}
          onStartShouldSetResponder={[Function]}
          style={
            Object {
              "alignItems": "center",
              "backgroundColor": "#ff2e33",
              "borderRadius": 100,
              "justifyContent": "center",
              "minWidth": 85,
              "opacity": 1,
            }
          }
          testID="submit"
        >
          <Text
            style={
              Array [
                Object {
                  "color": "#233385",
                },
                Object {
                  "fontFamily": "Muli",
                },
                Array [
                  Object {
                    "fontFamily": "Rubik-Bold",
                    "fontSize": 14,
                    "padding": 10,
                    "textTransform": "uppercase",
                  },
                  Object {
                    "color": "#fff",
                    "textDecorationLine": "none",
                  },
                  undefined,
                ],
              ]
            }
          >
            Submit
          </Text>
        </View>
      </View>
      <View
        style={
          Array [
            Object {
              "backgroundColor": "#fff",
            },
            Object {
              "height": 10,
            },
          ]
        }
      />
      <View>
        <View
          accessibilityLabel="Close registration modal"
          accessible={true}
          focusable={true}
          onClick={[Function]}
          onResponderGrant={[Function]}
          onResponderMove={[Function]}
          onResponderRelease={[Function]}
          onResponderTerminate={[Function]}
          onResponderTerminationRequest={[Function]}
          onStartShouldSetResponder={[Function]}
          style={
            Object {
              "alignItems": "center",
              "backgroundColor": "#ff2e33",
              "borderRadius": 100,
              "justifyContent": "center",
              "minWidth": 85,
              "opacity": 1,
            }
          }
          testID="close"
        >
          <Text
            style={
              Array [
                Object {
                  "color": "#233385",
                },
                Object {
                  "fontFamily": "Muli",
                },
                Array [
                  Object {
                    "fontFamily": "Rubik-Bold",
                    "fontSize": 14,
                    "padding": 10,
                    "textTransform": "uppercase",
                  },
                  Object {
                    "color": "#fff",
                    "textDecorationLine": "none",
                  },
                  undefined,
                ],
              ]
            }
          >
            Close
          </Text>
        </View>
      </View>
    </View>
  </Modal>
</View>
`;
